id,value,role
"1","1152674","Platform Introduction (PR)"
"2","1152674","Platform Introduction (PR)"
"3","1249022","SQL Syntax Training (PR)"
"4","1152675","Best Practices (PR)"
"5","1152676","Debug Techniques (PR)"
"6","1155656","Common Components and Processors (PR)"
"7","1152674","Platform Introduction (PR)"
